[ 
{"name":"figure","type":"tag","lineNumber": 1, "children":[ 
  {"name":"blockquote","type":"tag","lineNumber": 2, "children":[ 
    {"type":"text","val":"Try to define yourself by what you do, and you&#8217;ll burnout every time. You are. That is enough. I rest in that. ","lineNumber": 3}] 
},  
  {"name":"figcaption","type":"tag","val":"from @thefray at 1:43pm on May 10 ","lineNumber": 4}]}]