[ 
{"name":"a","type":"tag","attrs":["class=''"],"lineNumber": 1},  
{"name":"a","type":"tag","attrs":["class=null"],"lineNumber": 2},  
{"name":"a","type":"tag","attrs":["class=undefined"],"lineNumber": 3}]