[ 
{"name":"p","type":"tag","val":"= '<script>' ","lineNumber": 1},  
{"name":"p","type":"tag","val":"!= '<script>' ","lineNumber": 2}]