[ 
{"type":"pug_keyword","name":"doctype","val":"custom stuff ","lineNumber": 1}]