[ 
{"type":"pug_keyword","name":"doctype","val":"html ","lineNumber": 1}]