[ 
{"name":"p","type":"tag","val":"before #[:cdata inside] after ","lineNumber": 1}]