[ 
{"name":"html","type":"tag","lineNumber": 1, "children":[ 
  {"name":"head","type":"tag","lineNumber": 2, "children":[ 
    {"type":"tag","name":"style","attrs":["type=\"text/css\""],"lineNumber": 3, "children":[ 
      {"type":"text","val":":less ","lineNumber": 4, "children":[ 
        {"type":"text","val":"@pad: 15px; ","lineNumber": 5},  
        {"type":"text","val":"body { ","lineNumber": 6, "children":[ 
          {"type":"text","val":"padding: @pad; ","lineNumber": 7}] 
},  
        {"type":"text","val":"} ","lineNumber": 8}]}]}]}]}]