[ 
{"type":"pug_keyword","name":"include","val":"auxiliary/extends-empty-block-1.pug ","lineNumber": 1},  
{"type":"pug_keyword","name":"include","val":"auxiliary/extends-empty-block-2.pug ","lineNumber": 2}]