[ 
{"type":"pug_keyword","name":"include","val":"/auxiliary/extends-from-root.pug ","lineNumber": 1}]