[ 
{"name":"pre","type":"tag","lineNumber": 1, "children":[ 
  {"name":"code","type":"tag","lineNumber": 2, "children":[ 
    {"type":"pug_keyword","name":"include","val":"javascript-new-lines.js ","lineNumber": 3}]}]}]