[ 
{"type":"pug_keyword","name":"extends","val":"./auxiliary/1794-extends.pug ","lineNumber": 1},  
{"type":"pug_keyword","name":"block","val":"content ","lineNumber": 3, "children":[ 
  {"type":"pug_keyword","name":"include","val":"./auxiliary/1794-include.pug ","lineNumber": 4}]}]