[ 
{"name":"p","type":"tag","val":"\"foo\" ","lineNumber": 1}]