[ 
{"name":"html","type":"tag","lineNumber": 1, "children":[ 
  {"name":"body","type":"tag","lineNumber": 2, "children":[ 
    {"type":"pug_keyword","name":"include","val":"yield-title-head.pug ","lineNumber": 3, "children":[ 
      {"type":"text","val":"My Title ","lineNumber": 4}]}]}]}]